[2026-08-07 22:32:33] Checking 2 search(es): Test Job (Test Location), Give Of Ai Engineer (Bengaluru)
[2026-08-07 22:33:12] FOUND 10 new job(s)! Total stored: 10
[2026-08-07 22:33:12]   - AI Engineer @ Millennium | Bengaluru, Karnataka, India | https://in.linkedin.com/jobs/view/ai-engineer-at-millennium-4431864539?position=1&pageNum=0&refId=mRPQU2jNEgKIFFNnelsXnw%3D%3D&trackingId=t1qUjfxltpG6FOzWw0mO%2FQ%3D%3D
[2026-08-07 22:33:12]   - AI Engineer  - remote - India @ Infused Solutions | Bengaluru, Karnataka, India | https://in.linkedin.com/jobs/view/ai-engineer-remote-india-at-infused-solutions-4450314594?position=2&pageNum=0&refId=mRPQU2jNEgKIFFNnelsXnw%3D%3D&trackingId=zD6ds%2BbRcVS2kdeQ95eSuw%3D%3D
[2026-08-07 22:33:12]   - AI Agent Engineer @ DecisionX AI | Bengaluru, Karnataka, India | https://in.linkedin.com/jobs/view/ai-agent-engineer-at-decisionx-ai-4448766287?position=3&pageNum=0&refId=mRPQU2jNEgKIFFNnelsXnw%3D%3D&trackingId=OsgNUdFPQWlbNs7bZWVbVA%3D%3D
[2026-08-07 22:33:12]   - Gen AI Developer @ Infosys | Bengaluru East, Karnataka, India | https://in.linkedin.com/jobs/view/gen-ai-developer-at-infosys-4441143297?position=4&pageNum=0&refId=mRPQU2jNEgKIFFNnelsXnw%3D%3D&trackingId=7gONddZLNM3%2F2GiShXJnJg%3D%3D
[2026-08-07 22:33:12]   - Agentic AI Engineer | Enterprise AI Solutions | Immediate Joiners @ TalixoHR | Greater Bengaluru Area | https://in.linkedin.com/jobs/view/agentic-ai-engineer-enterprise-ai-solutions-immediate-joiners-at-talixohr-4448700911?position=5&pageNum=0&refId=mRPQU2jNEgKIFFNnelsXnw%3D%3D&trackingId=9MPVzbZeYJFryDYO%2BqXfqw%3D%3D
[2026-08-07 22:33:12]   - AI Engineer (m/f/x) @ DHL Supply Chain | Bengaluru, Karnataka, India | https://in.linkedin.com/jobs/view/ai-engineer-m-f-x-at-dhl-supply-chain-4450011879?position=6&pageNum=0&refId=mRPQU2jNEgKIFFNnelsXnw%3D%3D&trackingId=DUdvHERYamEsy7Eaea%2FzTw%3D%3D
[2026-08-07 22:33:12]   - AI Engineer @ Formee Holdings | Bengaluru, Karnataka, India | https://in.linkedin.com/jobs/view/ai-engineer-at-formee-holdings-4450091285?position=7&pageNum=0&refId=mRPQU2jNEgKIFFNnelsXnw%3D%3D&trackingId=jQmiot0RViIG2zjfnxXEoQ%3D%3D
[2026-08-07 22:33:12]   - AI Engineer @ Teamware Solutions | Greater Bengaluru Area | https://in.linkedin.com/jobs/view/ai-engineer-at-teamware-solutions-4448743102?position=8&pageNum=0&refId=mRPQU2jNEgKIFFNnelsXnw%3D%3D&trackingId=21wO%2BfNS1pXXuYeOQtd0UA%3D%3D
[2026-08-07 22:33:12]   - AI Engineer @ HuntingCube | Bengaluru East, Karnataka, India | https://in.linkedin.com/jobs/view/ai-engineer-at-huntingcube-4448764781?position=9&pageNum=0&refId=mRPQU2jNEgKIFFNnelsXnw%3D%3D&trackingId=cR7TBjaydjHt8bEDlT26Lw%3D%3D
[2026-08-07 22:33:12]   - Founding AI engineer @ InCommon | Bengaluru, Karnataka, India | https://in.linkedin.com/jobs/view/founding-ai-engineer-at-incommon-4449206112?position=10&pageNum=0&refId=mRPQU2jNEgKIFFNnelsXnw%3D%3D&trackingId=jPEtnZiKng43B7BsII58wA%3D%3D
[2026-08-07 22:35:45] Checking 3 search(es): Test Job (Test Location), Give Of Ai Engineer (Bengaluru), Python Developer (Remote)
[2026-08-07 22:35:55] FOUND 10 new job(s)! Total stored: 30
[2026-08-07 22:35:55]   - Python-Entwickler (m/w/d) @ DResearch Digital Media Systems GmbH | Berlin, Berlin, Germany | https://de.linkedin.com/jobs/view/python-entwickler-m-w-d-at-dresearch-digital-media-systems-gmbh-4448759326?position=1&pageNum=0&refId=N9tmfLX6EP9l3vJqMw4JUA%3D%3D&trackingId=b%2BnnMcG83M7ZDbH6v0Be%2Fw%3D%3D
[2026-08-07 22:35:55]   - Python Full stack developer @ Hitachi Vantara | Greater Kolkata Area | https://in.linkedin.com/jobs/view/python-full-stack-developer-at-hitachi-vantara-4441665977?position=2&pageNum=0&refId=N9tmfLX6EP9l3vJqMw4JUA%3D%3D&trackingId=NIOpHcGwconnq1oLIEAlrg%3D%3D
[2026-08-07 22:35:55]   - Python Developer @ Natsoft | Jersey City, NJ | https://www.linkedin.com/jobs/view/python-developer-at-natsoft-4450694075?position=3&pageNum=0&refId=N9tmfLX6EP9l3vJqMw4JUA%3D%3D&trackingId=V3vDdlF5%2BrasI2TOB1u5Ig%3D%3D
[2026-08-07 22:35:55]   - Python Developer @ CGI | Bengaluru, Karnataka, India | https://in.linkedin.com/jobs/view/python-developer-at-cgi-4449692686?position=4&pageNum=0&refId=N9tmfLX6EP9l3vJqMw4JUA%3D%3D&trackingId=xnYs0PyVVGijyG0JGOEaMQ%3D%3D
[2026-08-07 22:35:55]   - Python Developer @ Dream | Tel Aviv-Yafo, Tel Aviv District, Israel | https://il.linkedin.com/jobs/view/python-developer-at-dream-4400443731?position=5&pageNum=0&refId=N9tmfLX6EP9l3vJqMw4JUA%3D%3D&trackingId=U1ArNsrVPcpJSVsMqmbv3g%3D%3D
[2026-08-07 22:35:55]   - Backend Engineer – Python, AI, Greenfield – Berlin Hybrid – €80,000 @ Findr | Berlin, Germany | https://de.linkedin.com/jobs/view/backend-engineer-%E2%80%93-python-ai-greenfield-%E2%80%93-berlin-hybrid-%E2%80%93-%E2%82%AC80-000-at-findr-4448752108?position=6&pageNum=0&refId=N9tmfLX6EP9l3vJqMw4JUA%3D%3D&trackingId=UneBd%2B8ZWgYlU1wQGUMlyA%3D%3D
[2026-08-07 22:35:55]   - Software Engineer (Python/ Backend) @ metamorphosis GmbH | Paderborn, North Rhine-Westphalia, Germany | https://de.linkedin.com/jobs/view/software-engineer-python-backend-at-metamorphosis-gmbh-4448778941?position=7&pageNum=0&refId=N9tmfLX6EP9l3vJqMw4JUA%3D%3D&trackingId=OPMGRxPXbDObn9jOjtgJXw%3D%3D
[2026-08-07 22:35:55]   - Python Developer @ Brainial | Utrecht, Netherlands | https://nl.linkedin.com/jobs/view/python-developer-at-brainial-4450096757?position=8&pageNum=0&refId=N9tmfLX6EP9l3vJqMw4JUA%3D%3D&trackingId=IFxgXHy0EJ3lo%2Bgqf%2BF22w%3D%3D
[2026-08-07 22:35:55]   - Software Developer @ Frequentis | Bratislava, Bratislava, Slovakia | https://sk.linkedin.com/jobs/view/software-developer-at-frequentis-4450333957?position=9&pageNum=0&refId=N9tmfLX6EP9l3vJqMw4JUA%3D%3D&trackingId=HbFG%2FNOlHGJuttIdOv2P9g%3D%3D
[2026-08-07 22:35:55]   - Python Developer @ Tata Consultancy Services | Bengaluru, Karnataka, India | https://in.linkedin.com/jobs/view/python-developer-at-tata-consultancy-services-4450087843?position=10&pageNum=0&refId=N9tmfLX6EP9l3vJqMw4JUA%3D%3D&trackingId=rqXYlxuJ2l5yLYCjKPSgcg%3D%3D
[2026-08-07 22:36:00] Checking 3 search(es): Test Job (Test Location), Give Of Ai Engineer (Bengaluru), Python Developer (Remote)
[2026-08-07 22:36:10] No new jobs. Total stored: 30
[2026-08-07 22:36:25] Checking 2 search(es): Give Of Ai Engineer (Bengaluru), Python Developer (Remote)
[2026-08-07 22:36:31] No new jobs. Total stored: 30
[2026-08-07 22:44:38] Checking 2 search(es): Give Of Ai Engineer (Bengaluru), Python Developer (Remote)
[2026-08-07 23:21:58] Checking 6 search(es): Give Of Ai Engineer (Bengaluru), Python Developer (Remote), Python Developer (any), Data Scientist (Bengaluru), Ai Engineer (Bengaluru), Data Scientist (any)
[2026-08-07 23:22:20] FOUND 54 new job(s)! Total stored: 214
[2026-08-07 23:22:20]   - Custom Software Engineer @ Accenture in India | Bengaluru, Karnataka, India | https://in.linkedin.com/jobs/view/custom-software-engineer-at-accenture-in-india-4450696946?position=10&pageNum=0&refId=lBjv683NbMqu%2FHEkGQ%2FFUA%3D%3D&trackingId=I%2BofTDIoT3cV9SNR7RVjlA%3D%3D
[2026-08-07 23:22:20]   - Python Developer @ IntePros | New York City Metropolitan Area | https://www.linkedin.com/jobs/view/python-developer-at-intepros-4450294931?position=2&pageNum=0&refId=07qXaadwQs2cIXqdbo%2BWnA%3D%3D&trackingId=D%2FkpcnT%2F7gE26xD3ykYWtw%3D%3D
[2026-08-07 23:22:20]   - Python Developer @ Stellar Consulting Solutions, LLC | United States | https://www.linkedin.com/jobs/view/python-developer-at-stellar-consulting-solutions-llc-4448256069?position=3&pageNum=0&refId=07qXaadwQs2cIXqdbo%2BWnA%3D%3D&trackingId=l%2Bp66l6%2FfwUafJhdA9FdBw%3D%3D
[2026-08-07 23:22:20]   - Python Developer @ Sligo Software Solutions Inc. | San Ramon, CA | https://www.linkedin.com/jobs/view/python-developer-at-sligo-software-solutions-inc-4450625468?position=4&pageNum=0&refId=07qXaadwQs2cIXqdbo%2BWnA%3D%3D&trackingId=X7yspRISc%2BPgFVaaVs0u7Q%3D%3D
[2026-08-07 23:22:20]   - Python Developer @ Transcend Softech LLC | New York City Metropolitan Area | https://www.linkedin.com/jobs/view/python-developer-at-transcend-softech-llc-4449193952?position=5&pageNum=0&refId=07qXaadwQs2cIXqdbo%2BWnA%3D%3D&trackingId=e9zA8cLNEqRUHVA3yhTnGw%3D%3D
[2026-08-07 23:22:20]   - Python Developer @ Stash Talent Services | Jersey City, NJ | https://www.linkedin.com/jobs/view/python-developer-at-stash-talent-services-4450673462?position=6&pageNum=0&refId=07qXaadwQs2cIXqdbo%2BWnA%3D%3D&trackingId=49wYL8uzQUmIb5LiyQR46A%3D%3D
[2026-08-07 23:22:20]   - Python Developer @ Software Guidance & Assistance, Inc. (SGA, Inc.) | Rutherford, NJ | https://www.linkedin.com/jobs/view/python-developer-at-software-guidance-assistance-inc-sga-inc-4432116168?position=7&pageNum=0&refId=07qXaadwQs2cIXqdbo%2BWnA%3D%3D&trackingId=CbuxYna8ikNnKBmCuqJjjw%3D%3D
[2026-08-07 23:22:20]   - Python/AWS Developer (Backend) @ Entech | Malvern, PA | https://www.linkedin.com/jobs/view/python-aws-developer-backend-at-entech-4449004800?position=8&pageNum=0&refId=07qXaadwQs2cIXqdbo%2BWnA%3D%3D&trackingId=8XSY%2BfRID%2FcaQZc%2B4UIP4A%3D%3D
[2026-08-07 23:22:20]   - Systems Software Engineer @ Picarro | Santa Clara, CA | https://www.linkedin.com/jobs/view/systems-software-engineer-at-picarro-4450727979?position=9&pageNum=0&refId=07qXaadwQs2cIXqdbo%2BWnA%3D%3D&trackingId=iiSYLIi303kDyWNbCoQgvw%3D%3D
[2026-08-07 23:22:20]   - Python Full Stack Developer @ Natsoft | New York, NY | https://www.linkedin.com/jobs/view/python-full-stack-developer-at-natsoft-4450708597?position=10&pageNum=0&refId=07qXaadwQs2cIXqdbo%2BWnA%3D%3D&trackingId=iEDByg9k3u%2F%2F45SPLK4nug%3D%3D
[2026-08-07 23:31:58] Checking 7 search(es): Give Of Ai Engineer (Bengaluru), Python Developer (Remote), Python Developer (any), Data Scientist (Bengaluru), Ai Engineer (Bengaluru), Data Scientist (any), Ai Engineer (any)
[2026-08-07 23:32:19] FOUND 11 new job(s)! Total stored: 317
[2026-08-07 23:32:19]   - AI Engineer (Python, Machine Learning & Generative AI) @ ATC | New York, United States | https://www.linkedin.com/jobs/view/ai-engineer-python-machine-learning-generative-ai-at-atc-4450347792?position=1&pageNum=0&refId=GvGVAOoeCDD8hw1CvgC5xw%3D%3D&trackingId=61xQTudB%2BNiYEXaRiuwimQ%3D%3D
[2026-08-07 23:32:19]   - AI Engineer (Python, Machine Learning & Generative AI) @ ATC | Texas, United States | https://www.linkedin.com/jobs/view/ai-engineer-python-machine-learning-generative-ai-at-atc-4450346945?position=2&pageNum=0&refId=GvGVAOoeCDD8hw1CvgC5xw%3D%3D&trackingId=Ht3URZw5Uzo71GlQHD7mXg%3D%3D
[2026-08-07 23:32:19]   - Applied AI Engineer @ MeeBoss | San Francisco, CA | https://www.linkedin.com/jobs/view/applied-ai-engineer-at-meeboss-4450673181?position=3&pageNum=0&refId=GvGVAOoeCDD8hw1CvgC5xw%3D%3D&trackingId=gzYpGQezQ%2FF0g3QtE3Khfw%3D%3D
[2026-08-07 23:32:19]   - AI Engineer @ Corridor | San Francisco, CA | https://www.linkedin.com/jobs/view/ai-engineer-at-corridor-4448474376?position=4&pageNum=0&refId=GvGVAOoeCDD8hw1CvgC5xw%3D%3D&trackingId=qiUsA8EnRsP6bGZ9hRT4Gw%3D%3D
[2026-08-07 23:32:19]   - Artificial Intelligence Engineer @ The Phoenix Group | New York City Metropolitan Area | https://www.linkedin.com/jobs/view/artificial-intelligence-engineer-at-the-phoenix-group-4449209425?position=5&pageNum=0&refId=GvGVAOoeCDD8hw1CvgC5xw%3D%3D&trackingId=3RBoOPfdhE45Nlc5ToBl4Q%3D%3D
[2026-08-07 23:32:19]   - Machine Learning Engineer @ Recruiting from Scratch | New York, NY | https://www.linkedin.com/jobs/view/machine-learning-engineer-at-recruiting-from-scratch-4450304107?position=6&pageNum=0&refId=GvGVAOoeCDD8hw1CvgC5xw%3D%3D&trackingId=ciEAAPv1E%2BhxuSJt9lz1WQ%3D%3D
[2026-08-07 23:32:19]   - AI/ML Engineer @ Stealth | San Francisco Bay Area | https://www.linkedin.com/jobs/view/ai-ml-engineer-at-stealth-4448772188?position=7&pageNum=0&refId=GvGVAOoeCDD8hw1CvgC5xw%3D%3D&trackingId=VFtVW0TKFn%2Fe6OSwiyFdoQ%3D%3D
[2026-08-07 23:32:19]   - AI Engineer @ scalr | San Francisco Bay Area | https://www.linkedin.com/jobs/view/ai-engineer-at-scalr-4448795573?position=8&pageNum=0&refId=GvGVAOoeCDD8hw1CvgC5xw%3D%3D&trackingId=Rq2gNpUuF99tiWp4wmbzzQ%3D%3D
[2026-08-07 23:32:19]   - Applied AI Engineer @ Tata Consultancy Services | Austin, TX | https://www.linkedin.com/jobs/view/applied-ai-engineer-at-tata-consultancy-services-4432915001?position=9&pageNum=0&refId=GvGVAOoeCDD8hw1CvgC5xw%3D%3D&trackingId=XN7%2FVh5ArZhwx%2Fs2ix0piA%3D%3D
[2026-08-07 23:32:19]   - Gen AI Engineer @ Tata Consultancy Services | Irving, TX | https://www.linkedin.com/jobs/view/gen-ai-engineer-at-tata-consultancy-services-4432666412?position=10&pageNum=0&refId=GvGVAOoeCDD8hw1CvgC5xw%3D%3D&trackingId=ovsVSuz53ihUplayO4x8eg%3D%3D
[2026-08-08 10:49:32] Checking 7 search(es): Python Developer (Remote), Give Of Ai Engineer (Bengaluru), Python Developer (any), Data Scientist (Bengaluru), Ai Engineer (Bengaluru), Data Scientist (any), Ai Engineer (any)
[2026-08-08 10:50:46] Checking 7 search(es): Python Developer (Remote), Give Of Ai Engineer (Bengaluru), Python Developer (any), Data Scientist (Bengaluru), Ai Engineer (Bengaluru), Data Scientist (any), Ai Engineer (any)
[2026-08-08 10:50:46] FOUND 1 new job(s)! Total stored: 445
[2026-08-08 10:50:46]   - Startup SWE @ FakeStartup | Remote | https://wellfound.com/jobs/@fake/startup-swe
